// Jest Snapshot v1, https://goo.gl/fbAQLP

exports[`ErrorContent render returns a valid error template result 1`] = `
<!---->
      <div class="sun-card-error">
        <!--?lit-->errors.SunIntegrationNotFound
      </div>
    
`;
